Last login: Tue Apr 14 14:27:08 on ttys000

The default interactive shell is now zsh.
To update your account to use zsh, please run `chsh -s /bin/zsh`.
For more details, please visit https://support.apple.com/kb/HT208050.
Marsellus-Wallace:~ marselluswallace$ cd Documents/
Marsellus-Wallace:Documents marselluswallace$ cd Bootcamp/Homework_portfolio/
Marsellus-Wallace:Homework_portfolio marselluswallace$ git clone
fatal: You must specify a repository to clone.

usage: git clone [<options>] [--] <repo> [<dir>]

    -v, --verbose         be more verbose
    -q, --quiet           be more quiet
    --progress            force progress reporting
    -n, --no-checkout     don't create a checkout
    --bare                create a bare repository
    --mirror              create a mirror repository (implies bare)
    -l, --local           to clone from a local repository
    --no-hardlinks        don't use local hardlinks, always copy
    -s, --shared          setup as shared repository
    --recursive ...       alias of --recurse-submodules
    --recurse-submodules[=<pathspec>]
                          initialize submodules in the clone
    -j, --jobs <n>        number of submodules cloned in parallel
    --template <template-directory>
                          directory from which templates will be used
    --reference <repo>    reference repository
    --reference-if-able <repo>
                          reference repository
    --dissociate          use --reference only while cloning
    -o, --origin <name>   use <name> instead of 'origin' to track upstream
    -b, --branch <branch>
                          checkout <branch> instead of the remote's HEAD
    -u, --upload-pack <path>
                          path to git-upload-pack on the remote
    --depth <depth>       create a shallow clone of that depth
    --shallow-since <time>
                          create a shallow clone since a specific time
    --shallow-exclude <revision>
                          deepen history of shallow clone, excluding rev
    --single-branch       clone only one branch, HEAD or --branch
    --no-tags             don't clone any tags, and make later fetches not to follow them
    --shallow-submodules  any cloned submodules will be shallow
    --separate-git-dir <gitdir>
                          separate git dir from working tree
    -c, --config <key=value>
                          set config inside the new repository
    --server-option <server-specific>
                          option to transmit
    -4, --ipv4            use IPv4 addresses only
    -6, --ipv6            use IPv6 addresses only
    --filter <args>       object filtering
    --remote-submodules   any cloned submodules will use their remote-tracking branch

Marsellus-Wallace:Homework_portfolio marselluswallace$ gi
-bash: gi: command not found
Marsellus-Wallace:Homework_portfolio marselluswallace$ 
Marsellus-Wallace:Homework_portfolio marselluswallace$ git clone https://github.com/paulinalo22/homework_portfolio.git
Cloning into 'homework_portfolio'...
remote: Enumerating objects: 9, done.
remote: Counting objects: 100% (9/9), done.
remote: Compressing objects: 100% (6/6), done.
remote: Total 9 (delta 2), reused 0 (delta 0), pack-reused 0
Unpacking objects: 100% (9/9), done.
Marsellus-Wallace:Homework_portfolio marselluswallace$ git add . contact.html 
Marsellus-Wallace:Homework_portfolio marselluswallace$ git add . index.html 
Marsellus-Wallace:Homework_portfolio marselluswallace$ git add . portfolio.html 
Marsellus-Wallace:Homework_portfolio marselluswallace$ git add . style.css 
Marsellus-Wallace:Homework_portfolio marselluswallace$ git add . photos/
Marsellus-Wallace:Homework_portfolio marselluswallace$ git init
Reinitialized existing Git repository in /Users/marselluswallace/Documents/Bootcamp/Homework_portfolio/.git/
Marsellus-Wallace:Homework_portfolio marselluswallace$ git status
On branch master

No commits yet

Changes to be committed:
  (use "git rm --cached <file>..." to unstage)
	new file:   .DS_Store
	new file:   contact.html
	new file:   homework_portfolio/README.md
	new file:   index.html
	new file:   photos/.DS_Store
	new file:   photos/arrested.jpg
	new file:   photos/axolotl.jpg
	new file:   photos/background.jpg
	new file:   photos/dwight.jpg
	new file:   photos/homer.jpeg
	new file:   photos/lala.jpeg
	new file:   photos/profile_pic.jpeg
	new file:   photos/trainspotting.jpeg
	new file:   photos/tree.png
	new file:   portfolio.html
	new file:   style.css

Marsellus-Wallace:Homework_portfolio marselluswallace$ git add contact.html 
Marsellus-Wallace:Homework_portfolio marselluswallace$ git add index.html 
Marsellus-Wallace:Homework_portfolio marselluswallace$ git add git status
fatal: pathspec 'git' did not match any files
Marsellus-Wallace:Homework_portfolio marselluswallace$ git init
Reinitialized existing Git repository in /Users/marselluswallace/Documents/Bootcamp/Homework_portfolio/.git/
Marsellus-Wallace:Homework_portfolio marselluswallace$ git sdd . contact.html 
git: 'sdd' is not a git command. See 'git --help'.

The most similar command is
	add
Marsellus-Wallace:Homework_portfolio marselluswallace$ git add . contact.html 
Marsellus-Wallace:Homework_portfolio marselluswallace$ git add . index.html 
Marsellus-Wallace:Homework_portfolio marselluswallace$ git add . portfolio.html 
Marsellus-Wallace:Homework_portfolio marselluswallace$ git add . style.css 
Marsellus-Wallace:Homework_portfolio marselluswallace$ git add . photos/
Marsellus-Wallace:Homework_portfolio marselluswallace$ git status
On branch master

No commits yet

Changes to be committed:
  (use "git rm --cached <file>..." to unstage)
	new file:   .DS_Store
	new file:   contact.html
	new file:   homework_portfolio/README.md
	new file:   index.html
	new file:   photos/.DS_Store
	new file:   photos/arrested.jpg
	new file:   photos/axolotl.jpg
	new file:   photos/background.jpg
	new file:   photos/dwight.jpg
	new file:   photos/homer.jpeg
	new file:   photos/lala.jpeg
	new file:   photos/profile_pic.jpeg
	new file:   photos/trainspotting.jpeg
	new file:   photos/tree.png
	new file:   portfolio.html
	new file:   style.css

Marsellus-Wallace:Homework_portfolio marselluswallace$ git commit -m "upload"
[master (root-commit) 4ca0bce] upload
 16 files changed, 436 insertions(+)
 create mode 100644 .DS_Store
 create mode 100644 contact.html
 create mode 100644 homework_portfolio/README.md
 create mode 100644 index.html
 create mode 100644 photos/.DS_Store
 create mode 100644 photos/arrested.jpg
 create mode 100644 photos/axolotl.jpg
 create mode 100644 photos/background.jpg
 create mode 100644 photos/dwight.jpg
 create mode 100644 photos/homer.jpeg
 create mode 100644 photos/lala.jpeg
 create mode 100644 photos/profile_pic.jpeg
 create mode 100644 photos/trainspotting.jpeg
 create mode 100644 photos/tree.png
 create mode 100644 portfolio.html
 create mode 100644 style.css
Marsellus-Wallace:Homework_portfolio marselluswallace$ git commit
On branch master
nothing to commit, working tree clean
Marsellus-Wallace:Homework_portfolio marselluswallace$ git push
fatal: No configured push destination.
Either specify the URL from the command-line or configure a remote repository using

    git remote add <name> <url>

and then push using the remote name

    git push <name>

Marsellus-Wallace:Homework_portfolio marselluswallace$ git push https://github.com/paulinalo22/homework_portfolio.git
fatal: The current branch master has no upstream branch.
To push the current branch and set the remote as upstream, use

    git push --set-upstream https://github.com/paulinalo22/homework_portfolio.git master

Marsellus-Wallace:Homework_portfolio marselluswallace$ git commit
On branch master
Changes not staged for commit:
	modified:   .DS_Store
	deleted:    contact.html
	deleted:    index.html
	deleted:    photos/.DS_Store
	deleted:    photos/arrested.jpg
	deleted:    photos/axolotl.jpg
	deleted:    photos/background.jpg
	deleted:    photos/dwight.jpg
	deleted:    photos/homer.jpeg
	deleted:    photos/lala.jpeg
	deleted:    photos/profile_pic.jpeg
	deleted:    photos/trainspotting.jpeg
	deleted:    photos/tree.png
	deleted:    portfolio.html
	deleted:    style.css

Untracked files:
	homework_portfolio/.DS_Store
	homework_portfolio/contact.html
	homework_portfolio/index.html
	homework_portfolio/photos/
	homework_portfolio/portfolio.html
	homework_portfolio/style.css

no changes added to commit
Marsellus-Wallace:Homework_portfolio marselluswallace$ git add . 
Marsellus-Wallace:Homework_portfolio marselluswallace$ git commit
hint: Waiting for your editor to close the file... 
add files
# Please enter the commit message for your changes. Lines starting
# with '#' will be ignored, and an empty message aborts the commit.
#
# On branch master
# Changes to be committed:
#       modified:   .DS_Store
#       new file:   homework_portfolio/.DS_Store
#       renamed:    contact.html -> homework_portfolio/contact.html
#       renamed:    index.html -> homework_portfolio/index.html
#       renamed:    photos/.DS_Store -> homework_portfolio/photos/.DS_Store
#       renamed:    photos/arrested.jpg -> homework_portfolio/photos/arrested.jpg
#       renamed:    photos/axolotl.jpg -> homework_portfolio/photos/axolotl.jpg
#       renamed:    photos/background.jpg -> homework_portfolio/photos/background.jpg
#       renamed:    photos/dwight.jpg -> homework_portfolio/photos/dwight.jpg
#       renamed:    photos/homer.jpeg -> homework_portfolio/photos/homer.jpeg
#       renamed:    photos/lala.jpeg -> homework_portfolio/photos/lala.jpeg
#       renamed:    photos/profile_pic.jpeg -> homework_portfolio/photos/profile_pic.jpeg
#       renamed:    photos/trainspotting.jpeg -> homework_portfolio/photos/trainspotting.jpeg
-- INSERT --
